Archive member included to satisfy reference by file (symbol)

build/packag-user_source_main//user_source_main.lib(main.o)
                              (--whole-archive)
simcom_lib/libs/simcom_lib.lib(simcom_api.o)
                              (--whole-archive)
user_source/libs/user_source.lib(app.o)
                              (--whole-archive)
user_source/libs/user_source.lib(systemLog.o)
                              (--whole-archive)
user_source/libs/user_source.lib(wiring_digital.o)
                              (--whole-archive)
user_source/libs/user_source.lib(delay.o)
                              (--whole-archive)
user_source/libs/user_source.lib(Exti_interrupts.o)
                              (--whole-archive)
user_source/libs/user_source.lib(variant.o)
                              (--whole-archive)
user_source/libs/user_source.lib(HardwareSerial.o)
                              (--whole-archive)
user_source/libs/user_source.lib(CircularBuffer.o)
                              (--whole-archive)
user_source/libs/user_source.lib(Wire.o)
                              (--whole-archive)
user_source/libs/user_source.lib(SPI.o)
                              (--whole-archive)
user_source/libs/user_source.lib(Network.o)
                              (--whole-archive)
user_source/libs/user_source.lib(Mqttclient.o)
                              (--whole-archive)
user_source/libs/user_source.lib(urcProcess.o)
                              (--whole-archive)
user_source/libs/user_source.lib(sms.o)
                              (--whole-archive)
D:\Simcom2\Air_Logger_SIMcom\Air_Logger_Arduino\sc_app\..\sc_tool\cross_tool\gcc-arm-none-eabi\arm-none-eabi\lib\thumb\v7-ar\libc.a(lib_a-init.o)
                              user_source/libs/user_source.lib(app.o) (__libc_init_array)
D:\Simcom2\Air_Logger_SIMcom\Air_Logger_Arduino\sc_app\..\sc_tool\cross_tool\gcc-arm-none-eabi\arm-none-eabi\lib\thumb\v7-ar\libc.a(lib_a-memcpy.o)
                              simcom_lib/libs/simcom_lib.lib(simcom_api.o) (memcpy)
D:\Simcom2\Air_Logger_SIMcom\Air_Logger_Arduino\sc_app\..\sc_tool\cross_tool\gcc-arm-none-eabi\arm-none-eabi\lib\thumb\v7-ar\libc.a(lib_a-memset.o)
                              simcom_lib/libs/simcom_lib.lib(simcom_api.o) (memset)
D:\Simcom2\Air_Logger_SIMcom\Air_Logger_Arduino\sc_app\..\sc_tool\cross_tool\gcc-arm-none-eabi\arm-none-eabi\lib\thumb\v7-ar\libc.a(lib_a-sprintf.o)
                              user_source/libs/user_source.lib(Mqttclient.o) (sprintf)
D:\Simcom2\Air_Logger_SIMcom\Air_Logger_Arduino\sc_app\..\sc_tool\cross_tool\gcc-arm-none-eabi\arm-none-eabi\lib\thumb\v7-ar\libc.a(lib_a-strlen-stub.o)
                              user_source/libs/user_source.lib(Mqttclient.o) (strlen)
D:\Simcom2\Air_Logger_SIMcom\Air_Logger_Arduino\sc_app\..\sc_tool\cross_tool\gcc-arm-none-eabi\arm-none-eabi\lib\thumb\v7-ar\libc.a(lib_a-svfprintf.o)
                              D:\Simcom2\Air_Logger_SIMcom\Air_Logger_Arduino\sc_app\..\sc_tool\cross_tool\gcc-arm-none-eabi\arm-none-eabi\lib\thumb\v7-ar\libc.a(lib_a-sprintf.o) (_svfprintf_r)
D:\Simcom2\Air_Logger_SIMcom\Air_Logger_Arduino\sc_app\..\sc_tool\cross_tool\gcc-arm-none-eabi\arm-none-eabi\lib\thumb\v7-ar\libc.a(lib_a-dtoa.o)
                              D:\Simcom2\Air_Logger_SIMcom\Air_Logger_Arduino\sc_app\..\sc_tool\cross_tool\gcc-arm-none-eabi\arm-none-eabi\lib\thumb\v7-ar\libc.a(lib_a-svfprintf.o) (_dtoa_r)
D:\Simcom2\Air_Logger_SIMcom\Air_Logger_Arduino\sc_app\..\sc_tool\cross_tool\gcc-arm-none-eabi\arm-none-eabi\lib\thumb\v7-ar\libc.a(lib_a-impure.o)
                              D:\Simcom2\Air_Logger_SIMcom\Air_Logger_Arduino\sc_app\..\sc_tool\cross_tool\gcc-arm-none-eabi\arm-none-eabi\lib\thumb\v7-ar\libc.a(lib_a-sprintf.o) (_impure_ptr)
D:\Simcom2\Air_Logger_SIMcom\Air_Logger_Arduino\sc_app\..\sc_tool\cross_tool\gcc-arm-none-eabi\arm-none-eabi\lib\thumb\v7-ar\libc.a(lib_a-localeconv.o)
                              D:\Simcom2\Air_Logger_SIMcom\Air_Logger_Arduino\sc_app\..\sc_tool\cross_tool\gcc-arm-none-eabi\arm-none-eabi\lib\thumb\v7-ar\libc.a(lib_a-svfprintf.o) (_localeconv_r)
D:\Simcom2\Air_Logger_SIMcom\Air_Logger_Arduino\sc_app\..\sc_tool\cross_tool\gcc-arm-none-eabi\arm-none-eabi\lib\thumb\v7-ar\libc.a(lib_a-memchr-stub.o)
                              D:\Simcom2\Air_Logger_SIMcom\Air_Logger_Arduino\sc_app\..\sc_tool\cross_tool\gcc-arm-none-eabi\arm-none-eabi\lib\thumb\v7-ar\libc.a(lib_a-svfprintf.o) (memchr)
D:\Simcom2\Air_Logger_SIMcom\Air_Logger_Arduino\sc_app\..\sc_tool\cross_tool\gcc-arm-none-eabi\arm-none-eabi\lib\thumb\v7-ar\libc.a(lib_a-mprec.o)
                              D:\Simcom2\Air_Logger_SIMcom\Air_Logger_Arduino\sc_app\..\sc_tool\cross_tool\gcc-arm-none-eabi\arm-none-eabi\lib\thumb\v7-ar\libc.a(lib_a-dtoa.o) (_Balloc)
D:\Simcom2\Air_Logger_SIMcom\Air_Logger_Arduino\sc_app\..\sc_tool\cross_tool\gcc-arm-none-eabi\arm-none-eabi\lib\thumb\v7-ar\libc.a(lib_a-s_frexp.o)
[...]
Memory Configuration

Name             Origin             Length             Attributes
ram              0x7e900000         0x00080000         rw
*default*        0x00000000         0xffffffff

Linker script and memory map

                0x7e900000                . = 0x7e900000

.appRegTable    0x7e900000        0x4
                [!provide]                PROVIDE (__appRegTable_start__ = .)
 *(.appRegTable)
 .appRegTable   0x7e900000        0x4 user_source/libs/user_source.lib(app.o)
                0x7e900000                openSDK_entry
                [!provide]                PROVIDE (__appRegTable_end__ = .)

.text           0x7e900004     0x1088
 *(.text)
 .text          0x7e900004       0xec D:\Simcom2\Air_Logger_SIMcom\Air_Logger_Arduino\sc_app\..\sc_tool\cross_tool\gcc-arm-none-eabi\arm-none-eabi\lib\thumb\v7-ar\libc.a(lib_a-memcpy.o)
                0x7e900004                memcpy
 .text          0x7e9000f0      0xa64 D:\Simcom2\Air_Logger_SIMcom\Air_Logger_Arduino\sc_app\..\sc_tool\cross_tool\gcc-arm-none-eabi\lib\gcc\arm-none-eabi\7.3.1\thumb\v7-ar\libgcc.a(unwind-arm.o)
                0x7e9003b4                _Unwind_GetCFA
                0x7e9003b8                __gnu_Unwind_RaiseException
                0x7e900418                __gnu_Unwind_ForcedUnwind
                0x7e90042c                __gnu_Unwind_Resume
                0x7e900470                __gnu_Unwind_Resume_or_Rethrow
                0x7e900484                _Unwind_Complete
                0x7e900488                _Unwind_DeleteException
                0x7e900494                _Unwind_VRS_Get
                0x7e9004e4                _Unwind_VRS_Set
                0x7e900538                __gnu_Unwind_Backtrace
                0x7e9008a0                __aeabi_unwind_cpp_pr0
                0x7e9008a4                __aeabi_unwind_cpp_pr1
                0x7e9008a8                __aeabi_unwind_cpp_pr2
                0x7e9008ac                _Unwind_VRS_Pop
 .text          0x7e900b54      0x1ac D:\Simcom2\Air_Logger_SIMcom\Air_Logger_Arduino\sc_app\..\sc_tool\cross_tool\gcc-arm-none-eabi\lib\gcc\arm-none-eabi\7.3.1\thumb\v7-ar\libgcc.a(libunwind.o)
                0x7e900b54                __restore_core_regs
                0x7e900b54                restore_core_regs
                0x7e900b6c                __gnu_Unwind_Restore_VFP
                0x7e900b74                __gnu_Unwind_Save_VFP
                0x7e900b7c                __gnu_Unwind_Restore_VFP_D
                0x7e900b84                __gnu_Unwind_Save_VFP_D
                0x7e900b8c                __gnu_Unwind_Restore_VFP_D_16_to_31
                0x7e900b94                __gnu_Unwind_Save_VFP_D_16_to_31
                0x7e900b9c                __gnu_Unwind_Restore_WMMXD
                0x7e900be0                __gnu_Unwind_Save_WMMXD
                0x7e900c24                __gnu_Unwind_Restore_WMMXC
                0x7e900c38                __gnu_Unwind_Save_WMMXC
                0x7e900c4c                ___Unwind_RaiseException
                0x7e900c4c                _Unwind_RaiseException
                0x7e900c70                _Unwind_Resume
                0x7e900c70                ___Unwind_Resume
                0x7e900c94                _Unwind_Resume_or_Rethrow
                0x7e900c94                ___Unwind_Resume_or_Rethrow
                0x7e900cb8                _Unwind_ForcedUnwind
                0x7e900cb8                ___Unwind_ForcedUnwind
                0x7e900cdc                ___Unwind_Backtrace
                0x7e900cdc                _Unwind_Backtrace
 .text          0x7e900d00      0x38c D:\Simcom2\Air_Logger_SIMcom\Air_Logger_Arduino\sc_app\..\sc_tool\cross_tool\gcc-arm-none-eabi\lib\gcc\arm-none-eabi\7.3.1\thumb\v7-ar\libgcc.a(pr-support.o)
                0x7e900d58                __gnu_unwind_execute
                0x7e901030                __gnu_unwind_frame
                0x7e90105c                _Unwind_GetRegionStart
                0x7e901068                _Unwind_GetLanguageSpecificData
                0x7e90107c                _Unwind_GetDataRelBase
                0x7e901084                _Unwind_GetTextRelBase

.glue_7         0x7e90108c        0x0
 .glue_7        0x7e90108c        0x0 linker stubs

.glue_7t        0x7e90108c        0x0
 .glue_7t       0x7e90108c        0x0 linker stubs

.vfp11_veneer   0x7e90108c        0x0
 .vfp11_veneer  0x7e90108c        0x0 linker stubs

.v4_bx          0x7e90108c        0x0
 .v4_bx         0x7e90108c        0x0 linker stubs

.text.setup     0x7e90108c       0x48
 .text.setup    0x7e90108c       0x48 build/packag-user_source_main//user_source_main.lib(main.o)
                0x7e90108c                setup

.text.loop      0x7e9010d4       0x70
 .text.loop     0x7e9010d4       0x70 build/packag-user_source_main//user_source_main.lib(main.o)
                0x7e9010d4                loop

.iplt           0x7e901144        0x0
 .iplt          0x7e901144        0x0 build/packag-user_source_main//user_source_main.lib(main.o)

.text.get_sAPI  0x7e901144     0x1618
 .text.get_sAPI
                0x7e901144     0x1618 simcom_lib/libs/simcom_lib.lib(simcom_api.o)
                0x7e901144                get_sAPI

.text.Application
                0x7e90275c       0xa8
 .text.Application
                0x7e90275c       0xa8 user_source/libs/user_source.lib(app.o)

.text.Task_APPProcess
                0x7e902804        0xc
 .text.Task_APPProcess
                0x7e902804        0xc user_source/libs/user_source.lib(app.o)

.text._init     0x7e902810        0x2
 .text._init    0x7e902810        0x2 user_source/libs/user_source.lib(app.o)
                0x7e902810                _init

.text.abort     0x7e902812        0x2
 .text.abort    0x7e902812        0x2 user_source/libs/user_source.lib(app.o)
                0x7e902812                abort

.text.systemLog_Init
                0x7e902814       0x14
 .text.systemLog_Init
                0x7e902814       0x14 user_source/libs/user_source.lib(systemLog.o)
                0x7e902814                systemLog_Init

.text.systemLog_Print
                0x7e902828       0xa8
 .text.systemLog_Print
                0x7e902828       0xa8 user_source/libs/user_source.lib(systemLog.o)
                0x7e902828                systemLog_Print

.text.pinMode   0x7e9028d0      0x118
 .text.pinMode  0x7e9028d0      0x118 user_source/libs/user_source.lib(wiring_digital.o)
                0x7e9028d0                pinMode

.text.delay     0x7e9029e8       0x44
 .text.delay    0x7e9029e8       0x44 user_source/libs/user_source.lib(delay.o)
                0x7e9029e8                delay

.text._ZN14HardwareSerialC2Em
                0x7e902a2c       0x24
 .text._ZN14HardwareSerialC2Em
                0x7e902a2c       0x24 user_source/libs/user_source.lib(HardwareSerial.o)
                0x7e902a2c                HardwareSerial::HardwareSerial(unsigned long)
                0x7e902a2c                HardwareSerial::HardwareSerial(unsigned long)

.text.startup._GLOBAL__sub_I_Serial
                0x7e902a50       0x20
 .text.startup._GLOBAL__sub_I_Serial
                0x7e902a50       0x20 user_source/libs/user_source.lib(HardwareSerial.o)

.text._ZN7TwoWire5beginEh
                0x7e902a70        0x8
 .text._ZN7TwoWire5beginEh
                0x7e902a70        0x8 user_source/libs/user_source.lib(Wire.o)
                0x7e902a70                TwoWire::begin(unsigned char)

.text._ZN7TwoWire5writeEhhPvt
                0x7e902a78       0x20
 .text._ZN7TwoWire5writeEhhPvt
                0x7e902a78       0x20 user_source/libs/user_source.lib(Wire.o)
                0x7e902a78                TwoWire::write(unsigned char, unsigned char, void*, unsigned short)

.text._ZN7TwoWire4readEhhPvt
                0x7e902a98       0x20
 .text._ZN7TwoWire4readEhhPvt
                0x7e902a98       0x20 user_source/libs/user_source.lib(Wire.o)
                0x7e902a98                TwoWire::read(unsigned char, unsigned char, void*, unsigned short)

.text.startup._GLOBAL__sub_I_Wire
                0x7e902ab8        0xc
 .text.startup._GLOBAL__sub_I_Wire
                0x7e902ab8        0xc user_source/libs/user_source.lib(Wire.o)

.text._ZN11HardwareSPIC2Em
                0x7e902ac4       0x2c
 .text._ZN11HardwareSPIC2Em
                0x7e902ac4       0x2c user_source/libs/user_source.lib(SPI.o)
                0x7e902ac4                HardwareSPI::HardwareSPI(unsigned long)
                0x7e902ac4                HardwareSPI::HardwareSPI(unsigned long)

.text.startup._GLOBAL__sub_I_SPI
                0x7e902af0       0x10
 .text.startup._GLOBAL__sub_I_SPI
                0x7e902af0       0x10 user_source/libs/user_source.lib(SPI.o)

.text.startup._GLOBAL__sub_I_Network
                0x7e902b00       0x14
 .text.startup._GLOBAL__sub_I_Network
                0x7e902b00       0x14 user_source/libs/user_source.lib(Network.o)

.text._ZN15MqttclientClassC2Ev
                0x7e902b14       0x34
 .text._ZN15MqttclientClassC2Ev
                0x7e902b14       0x34 user_source/libs/user_source.lib(Mqttclient.o)
                0x7e902b14                MqttclientClass::MqttclientClass()
                0x7e902b14                MqttclientClass::MqttclientClass()

.text.startup._GLOBAL__sub_I_Mqttclient
                0x7e902b48       0x10
 .text.startup._GLOBAL__sub_I_Mqttclient
                0x7e902b48       0x10 user_source/libs/user_source.lib(Mqttclient.o)

.text.__libc_init_array
                0x7e902b58       0x50
 .text.__libc_init_array
                0x7e902b58       0x50 D:\Simcom2\Air_Logger_SIMcom\Air_Logger_Arduino\sc_app\..\sc_tool\cross_tool\gcc-arm-none-eabi\arm-none-eabi\lib\thumb\v7-ar\libc.a(lib_a-init.o)
                0x7e902b58                __libc_init_array

.text.memset    0x7e902ba8       0x98
 .text.memset   0x7e902ba8       0x98 D:\Simcom2\Air_Logger_SIMcom\Air_Logger_Arduino\sc_app\..\sc_tool\cross_tool\gcc-arm-none-eabi\arm-none-eabi\lib\thumb\v7-ar\libc.a(lib_a-memset.o)
                0x7e902ba8                memset

.rodata
 *(.rodata)

.ARM.exidx.text.setup
                0x7e902c40        0x8
 .ARM.exidx.text.setup
                0x7e902c40        0x8 build/packag-user_source_main//user_source_main.lib(main.o)

.ARM.exidx.text.loop
                0x7e902c48       0x10
 .ARM.exidx.text.loop
                0x7e902c48       0x10 build/packag-user_source_main//user_source_main.lib(main.o)
                                  0x8 (size before relaxing)

.rodata._Z7Mqtt_cbPcS_j.str1.1
                0x7e902c58       0xb1
 .rodata._Z7Mqtt_cbPcS_j.str1.1
                0x7e902c58       0xb1 build/packag-user_source_main//user_source_main.lib(main.o)

.rodata.loop.str1.1
                0x7e902d09        0xf
 .rodata.loop.str1.1
                0x7e902d09        0xf build/packag-user_source_main//user_source_main.lib(main.o)

.rodata.Application.str1.1
                0x7e902d18      0x369
 .rodata.Application.str1.1
                0x7e902d18      0x369 user_source/libs/user_source.lib(app.o)

.rodata.systemLog_Print.str1.1
                0x7e903081       0x12
 .rodata.systemLog_Print.str1.1
                0x7e903081       0x12 user_source/libs/user_source.lib(systemLog.o)

.rodata.pinMode.str1.1
                0x7e903093       0x3d
 .rodata.pinMode.str1.1
                0x7e903093       0x3d user_source/libs/user_source.lib(wiring_digital.o)

.rodata.delay.str1.1
                0x7e9030d0       0x2f
 .rodata.delay.str1.1
                0x7e9030d0       0x2f user_source/libs/user_source.lib(delay.o)

.rodata.pSPIInfo
                0x7e903100        0x8
 .rodata.pSPIInfo
                0x7e903100        0x8 user_source/libs/user_source.lib(variant.o)
                0x7e903100                pSPIInfo

.rodata.pUARTInfo
                0x7e903108       0x10
 .rodata.pUARTInfo
                0x7e903108       0x10 user_source/libs/user_source.lib(variant.o)
                0x7e903108                pUARTInfo

.ARM.exidx.text._ZN14HardwareSerialC2Em
                0x7e903118        0x0
 .ARM.exidx.text._ZN14HardwareSerialC2Em
                0x7e903118        0x0 user_source/libs/user_source.lib(HardwareSerial.o)
                                  0x8 (size before relaxing)

.ARM.exidx.text.startup._GLOBAL__sub_I_Serial
                0x7e903118        0x0
 .ARM.exidx.text.startup._GLOBAL__sub_I_Serial
                0x7e903118        0x0 user_source/libs/user_source.lib(HardwareSerial.o)
                                  0x8 (size before relaxing)

.ARM.exidx.text._ZN7TwoWire5beginEh
                0x7e903118        0x0
 .ARM.exidx.text._ZN7TwoWire5beginEh
                0x7e903118        0x0 user_source/libs/user_source.lib(Wire.o)
                                  0x8 (size before relaxing)

.ARM.exidx.text._ZN7TwoWire5writeEhhPvt
                0x7e903118        0x0
 .ARM.exidx.text._ZN7TwoWire5writeEhhPvt
                0x7e903118        0x0 user_source/libs/user_source.lib(Wire.o)
                                  0x8 (size before relaxing)

.ARM.exidx.text._ZN7TwoWire4readEhhPvt
                0x7e903118        0x0
 .ARM.exidx.text._ZN7TwoWire4readEhhPvt
                0x7e903118        0x0 user_source/libs/user_source.lib(Wire.o)
                                  0x8 (size before relaxing)

.ARM.exidx.text.startup._GLOBAL__sub_I_Wire
                0x7e903118        0x0
 .ARM.exidx.text.startup._GLOBAL__sub_I_Wire
                0x7e903118        0x0 user_source/libs/user_source.lib(Wire.o)
                                  0x8 (size before relaxing)

.ARM.exidx.text._ZN11HardwareSPIC2Em
                0x7e903118        0x0
 .ARM.exidx.text._ZN11HardwareSPIC2Em
                0x7e903118        0x0 user_source/libs/user_source.lib(SPI.o)
                                  0x8 (size before relaxing)

.ARM.exidx.text.startup._GLOBAL__sub_I_SPI
                0x7e903118        0x0
 .ARM.exidx.text.startup._GLOBAL__sub_I_SPI
                0x7e903118        0x0 user_source/libs/user_source.lib(SPI.o)
                                  0x8 (size before relaxing)

.ARM.exidx.text.startup._GLOBAL__sub_I_Network
                0x7e903118        0x0
 .ARM.exidx.text.startup._GLOBAL__sub_I_Network
                0x7e903118        0x0 user_source/libs/user_source.lib(Network.o)
                                  0x8 (size before relaxing)

.ARM.exidx.text._ZN15MqttclientClassC2Ev
                0x7e903118        0x0
 .ARM.exidx.text._ZN15MqttclientClassC2Ev
                0x7e903118        0x0 user_source/libs/user_source.lib(Mqttclient.o)
                                  0x8 (size before relaxing)

.ARM.exidx.text.startup._GLOBAL__sub_I_Mqttclient
                0x7e903118        0x0
 .ARM.exidx.text.startup._GLOBAL__sub_I_Mqttclient
                0x7e903118        0x0 user_source/libs/user_source.lib(Mqttclient.o)
                                  0x8 (size before relaxing)

.rodata._ZN15MqttclientClassC2Ev.str1.1
                0x7e903118       0x11
 .rodata._ZN15MqttclientClassC2Ev.str1.1
                0x7e903118       0x11 user_source/libs/user_source.lib(Mqttclient.o)

.ARM.extab      0x7e90312c       0x18
 .ARM.extab     0x7e90312c       0x18 D:\Simcom2\Air_Logger_SIMcom\Air_Logger_Arduino\sc_app\..\sc_tool\cross_tool\gcc-arm-none-eabi\lib\gcc\arm-none-eabi\7.3.1\thumb\v7-ar\libgcc.a(pr-support.o)

.data           0x7e903144        0x0
                [!provide]                PROVIDE (__data_load = LOADADDR (.data))
                [!provide]                PROVIDE (__data_start = .)
 *(.data)
                [!provide]                PROVIDE (_edata = .)

.data.iaq_int   0x7e903144        0x2
 .data.iaq_int  0x7e903144        0x2 build/packag-user_source_main//user_source_main.lib(main.o)
                0x7e903144                iaq_int

.data.measure_iaq
                0x7e903146        0x2
 .data.measure_iaq
                0x7e903146        0x2 build/packag-user_source_main//user_source_main.lib(main.o)
                0x7e903146                measure_iaq

.igot.plt       0x7e903148        0x0
 .igot.plt      0x7e903148        0x0 build/packag-user_source_main//user_source_main.lib(main.o)

.ARM.exidx      0x7e903148       0xb8
                0x7e903148                PROVIDE (__exidx_start = .)
 *(.ARM.exidx)
 .ARM.exidx     0x7e903148       0x80 D:\Simcom2\Air_Logger_SIMcom\Air_Logger_Arduino\sc_app\..\sc_tool\cross_tool\gcc-arm-none-eabi\lib\gcc\arm-none-eabi\7.3.1\thumb\v7-ar\libgcc.a(unwind-arm.o)
                                 0xd8 (size before relaxing)
 .ARM.exidx     0x7e9031c8       0x38 D:\Simcom2\Air_Logger_SIMcom\Air_Logger_Arduino\sc_app\..\sc_tool\cross_tool\gcc-arm-none-eabi\lib\gcc\arm-none-eabi\7.3.1\thumb\v7-ar\libgcc.a(pr-support.o)
                                 0x48 (size before relaxing)
                0x7e903200                PROVIDE (__exidx_end = .)

.rel.dyn        0x7e903200        0x0
 .rel.iplt      0x7e903200        0x0 build/packag-user_source_main//user_source_main.lib(main.o)

.bss            0x7e903200      0x76c
                [!provide]                PROVIDE (__bss_start__ = .)
 *(.bss)
                [!provide]                PROVIDE (__bss_end__ = .)
 COMMON         0x7e903200      0x76c simcom_lib/libs/simcom_lib.lib(simcom_api.o)
                0x7e903200                sAPI_AudioSetVolume
                0x7e903204                sAPI_AppPackageRead
                0x7e903208                sAPI_UartRefRegister
                0x7e90320c                sAPI_SysGetIccid
                0x7e903210                sAPI_ExtNorFlashBlock64kErase
                0x7e903214                sAPI_opendir
                0x7e903218                sAPI_Sprintf
                0x7e90321c                sAPI_disableDUMP
                0x7e903220                sAPI_HtpSrvConfig
                0x7e903224                sAPI_FotaImageVerify
                0x7e903228                sAPI_AudioStatus
                0x7e90322c                sAPI_SysGetImsi
                0x7e903230                sAPI_NetworkGetCgpaddr
                0x7e903234                sAPI_PocStopSound
                0x7e903238                sAPI_I2CRead2
                0x7e90323c                sAPI_NetworkGetCgreg
                0x7e903240                sAPI_NtpUpdate
                0x7e903244                sAPI_NetworkGetCpsi
                0x7e903248                sAPI_I2CReadEx
                0x7e90324c                sAPI_SemaphoreAcquire
                0x7e903250                sAPI_SmsSendStrogeMsg
                0x7e903254                sAPI_TcpipGetaddrinfo
                0x7e903258                sAPI_CamIspsizeSet
                0x7e90325c                sAPI_access
                0x7e903260                sAPI_TimerDelete
                0x7e903264                sAPI_Printf
                0x7e903268                sAPI_UsbSetEnumStr
                0x7e90326c                sAPI_LcdClearScreen
                0x7e903270                sAPI_TTSSetStatusCallBack
                0x7e903274                sAPI_AudioMp3StreamStop
                0x7e903278                sAPI_GpioGetDirection
                0x7e90327c                sAPI_SmsSendStorageMsg
                0x7e903280                sAPI_NetworkSetCfun
                0x7e903284                sAPI_TcpipSend
                0x7e903288                sAPI_remove
                0x7e90328c                sAPI_HttpTerm
                0x7e903290                sAPI_TcpipConnect
                0x7e903294                sAPI_MqttConnect
                0x7e903298                sAPI_ContextUnlock
                0x7e90329c                sAPI_GetPowerDownEvent
                0x7e9032a0                sAPI_MqttUNSubTopic
                0x7e9032a4                sAPI_NetworkSetLocalTime
                0x7e9032a8                sAPI_TTSPlay
                0x7e9032ac                sAPI_PocStartRecord
                0x7e9032b0                sAPI_TcpipFreeaddrinfo
                0x7e9032b4                sAPI_SysSetBindSim
                0x7e9032b8                sAPI_TTSStop
                0x7e9032bc                sAPI_AppPackageWrite
                0x7e9032c0                sAPI_TaskGetCurrentRef
                0x7e9032c4                sAPI_TcpipPdpDeactive
                0x7e9032c8                sAPI_MqttAccq
                0x7e9032cc                sAPI_SysPowerOff
                0x7e9032d0                sAPI_AudioGetPlayPath
                0x7e9032d4                sAPI_RtcEnableAlarm
                0x7e9032d8                sAPI_AmrDecodeInit
                0x7e9032dc                sAPI_CamMclkOnOff
                0x7e9032e0                sAPI_AudioSetPlayPath
                0x7e9032e4                sAPI_closedir
                0x7e9032e8                sAPI_UsbVcomRegisterCallbackEX
                0x7e9032ec                sAPI_SpiReadBytesEx
                0x7e9032f0                sAPI_AesDecrypt
                0x7e9032f4                sAPI_AudioMp3StreamPlay
                0x7e9032f8                sAPI_TcpipHtonl
                0x7e9032fc                sAPI_StartShowLCD
                0x7e903300                sAPI_AtSend
                0x7e903304                sAPI_TimerStop
                0x7e903308                sAPI_EnableInterrupts
                0x7e90330c                sAPI_NetworkSetCgact
                0x7e903310                sAPI_ExtNorFlashReadID
                0x7e903314                sAPI_AppPackageOpen
                0x7e903318                sAPI_TcpipClose
                0x7e90331c                sAPI_GnssPowerStatusGet
                0x7e903320                sAPI_SPINAND_Write_Page_SpareData
                0x7e903324                sAPI_NetStatusService
                0x7e903328                sAPI_frewind
                0x7e90332c                sAPI_MutexLock
                0x7e903330                sAPI_SmsSendLongMsg
                0x7e903334                sAPI_LcdOpen
                0x7e903338                sAPI_fsize
                0x7e90333c                sAPI_TcpipGetsockopt
                0x7e903340                sAPI_TaskResume
                0x7e903344                sAPI_GpioGetValue
                0x7e903348                sAPI_SysGetimsi
                0x7e90334c                sAPI_AudioWavFilePlay
                0x7e903350                sAPI_AudioPlayWavCont
                0x7e903354                sAPI_SysGetSubscriber
                0x7e903358                sAPI_AudioPlaySampleRate
                0x7e90335c                sAPI_FtpsDeleteDirectory
                0x7e903360                sAPI_FtpsDeInit
                0x7e903364                sAPI_MutexDelete
                0x7e903368                sAPI_TaskTerminate
                0x7e90336c                sAPI_AudioPlayMp3Cont
                0x7e903370                sAPI_fseek
                0x7e903374                sAPI_MqttSslCfg
                0x7e903378                sAPI_NetworkGetCnetci
                0x7e90337c                sAPI_SysGetBuildTime
                0x7e903380                sAPI_AudRec
                0x7e903384                sAPI_CamOpen
                0x7e903388                sAPI_ContextLock
                0x7e90338c                sAPI_LcdWriteU16Data
                0x7e903390                sAPI_Base64Encode
                0x7e903394                sAPI_sscanf
                0x7e903398                sAPI_EraseFlashNvmPartition
                0x7e90339c                sAPI_setPinFunction
                0x7e9033a0                sAPI_fwrite
                0x7e9033a4                sAPI_TcpipAccept
                0x7e9033a8                sAPI_yaffs_II_test
                0x7e9033ac                sAPI_FalutWakeEnable
                0x7e9033b0                sAPI_GetFlashType
                0x7e9033b4                sAPI_MqttWillTopic
                0x7e9033b8                sAPI_SemaphoreDelete
                0x7e9033bc                sAPI_NetworkGetRealTime
                0x7e9033c0                sAPI_AmrEncode
                0x7e9033c4                sAPI_FtpsGetFileSize
                0x7e9033c8                sAPI_ReadFlashAppPartition
                0x7e9033cc                sAPI_GetUsedSize
                0x7e9033d0                sAPI_SetPowerKeyOffFunc
                0x7e9033d4                sAPI_TcpipGetaddrinfoWithPcid
                0x7e9033d8                sAPI_TcpipSocketWithCallback
                0x7e9033dc                sAPI_HttpInit
                0x7e9033e0                sAPI_I2CWrite2
                0x7e9033e4                sAPI_TcpipHtons
                0x7e9033e8                sAPI_EnableDump
                0x7e9033ec                sAPI_SysGetVersion
                0x7e9033f0                sAPI_RsaDecrypt
                0x7e9033f4                sAPI_SysGetBindSim
                0x7e9033f8                sAPI_AudioGetMicGain
                0x7e9033fc                sAPI_PowerKeyRegisterCallback
                0x7e903400                sAPI_ReadFlashNvmPartition
                0x7e903404                sAPI_ReadAdc
                0x7e903408                sAPI_NetworkGetCreg
                0x7e90340c                sAPI_GetFsSize
                0x7e903410                sAPI_Calloc
                0x7e903414                sAPI_ExtNorFlashShowSupportList
                0x7e903418                sAPI_SPIReadBytes
                0x7e90341c                sAPI_GetSysLocalTime
                0x7e903420                sAPI_stat
                0x7e903424                sAPI_NetworkGetCnetcon
                0x7e903428                sAPI_FtpsDownloadFile
                0x7e90342c                sAPI_TTSPlayAndSave
                0x7e903430                sAPI_CamPinConfigUninstall
                0x7e903434                sAPI_Base64Decode
                0x7e903438                sAPI_Gettimeofday
                0x7e90343c                sAPI_JDSet
                0x7e903440                sAPI_GetExtFsFreeSize
                0x7e903444                sAPI_AppPackageCrc
                0x7e903448                sAPI_seekdir
                0x7e90344c                sAPI_NetworkGetCgatt
                0x7e903450                sAPI_SpiConfigInitEx
                0x7e903454                sAPI_UartRs485DePinAssign
                0x7e903458                sAPI_SmsSetNewMsgInd
                0x7e90345c                sAPI_AudioSetMicGain
                0x7e903460                sAPI_Debug
                0x7e903464                sAPI_SPIWriteBytes
                0x7e903468                sAPI_FlagDelete
                0x7e90346c                sAPI_SimcardPinSet
                0x7e903470                sAPI_TTSSetParameters
                0x7e903474                sAPI_NetworkSetCtzu
                0x7e903478                sAPI_AmrStopStreamRecord
                0x7e90347c                sAPI_WriteFlashNvmPartition
                0x7e903480                sAPI_TcpipPdpActive
                0x7e903484                sAPI_SimcardSwitchMsg
                0x7e903488                sAPI_ExtSpiReadBytes
                0x7e90348c                sAPI_ReadVbat
                0x7e903490                sAPI_HttpRead
                0x7e903494                sAPI_ExtNorFlashInit
                0x7e903498                sAPI_SimLockSet
                0x7e90349c                sAPI_TcpipSendto
                0x7e9034a0                sAPI_SystemAlarmClock2Wakeup
                0x7e9034a4                sAPI_SimcardPinGet_Ex
                0x7e9034a8                sAPI_TcpipPdpDeactiveNotify
                0x7e9034ac                sAPI_FtpsList
                0x7e9034b0                sAPI_SystemSleepExSet
                0x7e9034b4                sAPI_MqttDisConnect
                0x7e9034b8                sAPI_PocPlaySound
                0x7e9034bc                sAPI_FtpsGetCurrentDirectory
                0x7e9034c0                sAPI_GettimeofdaySyncRtc
                0x7e9034c4                sAPI_AmrEncodeExit
                0x7e9034c8                sAPI_NetworkGetcnetci
                0x7e9034cc                sAPI_RtcRegisterCB
                0x7e9034d0                sAPI_RtcSetAlarm
                0x7e9034d4                sAPI_StkService
                0x7e9034d8                sAPI_MqttUnsub
                0x7e9034dc                sAPI_Vsnprintf
                0x7e9034e0                sAPI_FtpsChangeDirectory
                0x7e9034e4                sAPI_ftruncate
                0x7e9034e8                sAPI_SslClose
                0x7e9034ec                sAPI_MsgQFlush
                0x7e9034f0                sAPI_TcpipSocket_with_callback
                0x7e9034f4                sAPI_LcdSetBLPWM
                0x7e9034f8                sAPI_TcpipListen
                0x7e9034fc                sAPI_MsgQDelete
                0x7e903500                sAPI_TimerGetStatus
                0x7e903504                sAPI_ExtNorFlashSectorErase
                0x7e903508                sAPI_SslGetContextIdMsg
                0x7e90350c                sAPI_fclose
                0x7e903510                sAPI_RegisterXipTaskCb
                0x7e903514                sAPI_CallDialMsg
                0x7e903518                sAPI_TcpipRecv
                0x7e90351c                sAPI_AudioPlay
                0x7e903520                sAPI_PocGetPcmAvail
                0x7e903524                sAPI_HttpPostfile
                0x7e903528                sAPI_WriteBack
                0x7e90352c                sAPI_telldir
                0x7e903530                sAPI_MqttStart
                0x7e903534                sAPI_GetCpuUid
                0x7e903538                sAPI_NetworkSetCnetcon
                0x7e90353c                sAPI_TaskDelete
                0x7e903540                sAPI_Realloc
                0x7e903544                sAPI_SPINAND_Read_Page_SpareData
                0x7e903548                sAPI_GetSocketState
                0x7e90354c                OsaMemAlloc
                0x7e903550                sAPI_CallAutoAnswer
                0x7e903554                sAPI_GetPowerKeyStatus
                0x7e903558                sAPI_LcdWriteCmd
                0x7e90355c                sAPI_TcpipInetAddr
                0x7e903560                sAPI_I2CWrite
                0x7e903564                sAPI_SemaphorePoll
                0x7e903568                sAPI_SslRead
                0x7e90356c                sAPI_SoftSimApduCnf
                0x7e903570                sAPI_CacheCleanMemory
                0x7e903574                sAPI_UartRegisterCallback
                0x7e903578                sAPI_PWMConfigEx
                0x7e90357c                sAPI_CamParaSet
                0x7e903580                sAPI_NetworkGetCgdcont
                0x7e903584                sAPI_MqttWillMsg
                0x7e903588                sAPI_MqttTopic
                0x7e90358c                sAPI_SocketConfigSet
                0x7e903590                sAPI_TimerCreate
                0x7e903594                sAPI_TcpipGethostbyname
                0x7e903598                sAPI_ExtNorFlashCs
                0x7e90359c                sAPI_CamGetGlobalConfig
                0x7e9035a0                sAPI_PocPcmRead
                0x7e9035a4                sAPI_NetworkSetCops
                0x7e9035a8                sAPI_FtpsDeleteFile
                0x7e9035ac                sAPI_I2CRead
                0x7e9035b0                sAPI_rename
                0x7e9035b4                sAPI_ExtNorFlashRead
                0x7e9035b8                sAPI_NetworkGetCops
                0x7e9035bc                sAPI_fformat
                0x7e9035c0                sAPI_SoftSimRecvEvent
                0x7e9035c4                sAPI_CamLdoOnOff
                0x7e9035c8                sAPI_FtpsLogin
                0x7e9035cc                sAPI_GnssPowerStatusSet
                0x7e9035d0                sAPI_UartSetConfig
                0x7e9035d4                sAPI_TcpipGetSocketErrno
                0x7e9035d8                sAPI_CallEndMsg
                0x7e9035dc                sAPI_AppPartitionBinSize
                0x7e9035e0                sAPI_UartControl
                0x7e9035e4                sAPI_LcdWriteData
                0x7e9035e8                sAPI_SimDetectPinStatus
                0x7e9035ec                sAPI_AmrEncodeInit
                0x7e9035f0                sAPI_SPINAND_Erase
                0x7e9035f4                sAPI_LcdWrite
                0x7e9035f8                sAPI_NetworkGetCGAUTH
                0x7e9035fc                sAPI_NetworkSetCnmp
                0x7e903600                sAPI_SmsSendMsg
                0x7e903604                sAPI_Ping
                0x7e903608                sAPI_MqttPayload
                0x7e90360c                sAPI_VsimOperate
                0x7e903610                sAPI_SimcardHotSwap_Ex
                0x7e903614                sAPI_TcpipInetNtoa
                0x7e903618                sAPI_DisableInterrupts
                0x7e90361c                sAPI_SetRealTimeClock
                0x7e903620                sAPI_FlagSet
                0x7e903624                sAPI_WriteFlash
                0x7e903628                sAPI_SimcardHotSwapMsg
                0x7e90362c                sAPI_SPINAND_GetFeatures
                0x7e903630                sAPI_SoftSimSwitch
                0x7e903634                sAPI_FtpsLogout
                0x7e903638                sAPI_Time
                0x7e90363c                sAPI_TaskSuspend
                0x7e903640                sAPI_SslSetContextIdMsg
                0x7e903644                sAPI_TcpipSelect
                0x7e903648                sAPI_GpioConfig
                0x7e90364c                sAPI_SimPinGet
                0x7e903650                sAPI_UsbVcomWrite
                0x7e903654                sAPI_TcpipInetNtop
                0x7e903658                sAPI_TaskSleep
                0x7e90365c                sAPI_CamOpenEx
                0x7e903660                sAPI_UartPrintf
                0x7e903664                sAPI_HttpData
                0x7e903668                sAPI_UartRead
                0x7e90366c                sAPI_EraseFlashSector
                0x7e903670                sAPI_NetworkGetCtzu
                0x7e903674                sAPI_FtpsInit
                0x7e903678                sAPI_HttpHead
                0x7e90367c                sAPI_SysReset
                0x7e903680                sAPI_AudioSetAmrRateLevel
                0x7e903684                sAPI_TcpipInet_ntoa
                0x7e903688                sAPI_PocInitLib
                0x7e90368c                sAPI_GetFsFreeSize
                0x7e903690                sAPI_AudioRecord
                0x7e903694                sAPI_UsbVbusDetect
                0x7e903698                sAPI_GetTaskInfo
                0x7e90369c                sAPI_I2CWriteEx
                0x7e9036a0                sAPI_TcpipInet_pton
                0x7e9036a4                sAPI_FtpsSetMode
                0x7e9036a8                sAPI_ForceDownload
                0x7e9036ac                sAPI_SmsWriteMsg
                0x7e9036b0                sAPI_SysGetRFVersion
                0x7e9036b4                sAPI_setGpioDirection
                0x7e9036b8                sAPI_TcpipBind
                0x7e9036bc                sAPI_GetRealTimeClock
                0x7e9036c0                sAPI_NetworkGetCsq
                0x7e9036c4                sAPI_HttpPara
                0x7e9036c8                sAPI_MsgQRecv
                0x7e9036cc                sAPI_MsgQCreate
                0x7e9036d0                sAPI_SPINANDDevice_Init
                0x7e9036d4                sAPI_UartWriteString
                0x7e9036d8                sAPI_SoftSimRstCnf
                0x7e9036dc                sAPI_AesEncrypt
                0x7e9036e0                sAPI_enableDUMP
                0x7e9036e4                sAPI_ReadFlash
                0x7e9036e8                sAPI_UsbVcomRegisterCallback
                0x7e9036ec                sAPI_UartGetConfig
                0x7e9036f0                sAPI_MqttStop
                0x7e9036f4                sAPI_AudioAmrStreamPlay
                0x7e9036f8                sAPI_ExtNorFlashWrite
                0x7e9036fc                sAPI_FtpsDownloadFileToBuffer
                0x7e903700                sAPI_TcpipGetpeername
                0x7e903704                sAPI_TcpipNtohs
                0x7e903708                sAPI_SysGetHplmn
                0x7e90370c                sAPI_AudioGetVolume
                0x7e903710                sAPI_EchoParaModeSet
                0x7e903714                sAPI_LcdPinConfig
                0x7e903718                sAPI_DisableDump
                0x7e90371c                sAPI_GpioSetDirection
                0x7e903720                sAPI_AppDownload
                0x7e903724                sAPI_GpioWakeupEnable
                0x7e903728                sAPI_SystemSleepGet
                0x7e90372c                sAPI_CallStateMsg
                0x7e903730                sAPI_FeedWtd
                0x7e903734                sAPI_SimPinSet
                0x7e903738                sAPI_SemaphoreCreate
                0x7e90373c                sAPI_YUVtoRGBZoomOut
                0x7e903740                sAPI_fopen
                0x7e903744                sAPI_MutexCreate
                0x7e903748                sAPI_TimerStart
                0x7e90374c                sAPI_MsgQSend
                0x7e903750                sAPI_MqttRel
                0x7e903754                sAPI_UartRs485DePinAssignEx
                0x7e903758                sAPI_NetworkGetCgauth
                0x7e90375c                sAPI_GetSize
                0x7e903760                sAPI_NetworkSetCgdcont
                0x7e903764                sAPI_TcpipGetErrno
                0x7e903768                sAPI_TcpipGetaddrinfo_with_pcid
                0x7e90376c                sAPI_GetCamBuf
                0x7e903770                sAPI_SoftSimGetStatus
                0x7e903774                sAPI_SpiWriteBytesEx
                0x7e903778                sAPI_NetworkInit
                0x7e90377c                sAPI_Snprintf
                0x7e903780                sAPI_SemaphoreRelease
                0x7e903784                sAPI_SmsDelOneMsg
                0x7e903788                sAPI_TcpipSocket
                0x7e90378c                sAPI_TcpipInet_addr
                0x7e903790                pUserApi
                0x7e903794                sAPI_TcpipGetSocketPdpAddr
                0x7e903798                sAPI_InitNetLight
                0x7e90379c                sAPI_GetFreeSize
                0x7e9037a0                sAPI_NetworkSetCgatt
                0x7e9037a4                sAPI_CallAnswerMsg
                0x7e9037a8                sAPI_PocStopRecord
                0x7e9037ac                sAPI_SmsReadMsg
                0x7e9037b0                sAPI_FtpsSslConfig
                0x7e9037b4                sAPI_SoftWtdEnable
                0x7e9037b8                sAPI_I2CConfigInit
                0x7e9037bc                sAPI_SPINAND_Read
                0x7e9037c0                sAPI_AudioStop
                0x7e9037c4                sAPI_mkdir
                0x7e9037c8                sAPI_AudioPcmStop
                0x7e9037cc                sAPI_SetSysLocalTime
                0x7e9037d0                sAPI_GetSystemInfo
                0x7e9037d4                sAPI_CamWriteReg
                0x7e9037d8                sAPI_GetStatisticsData
                0x7e9037dc                sAPI_TcpipShutdown
                0x7e9037e0                sAPI_PocCleanBufferData
                0x7e9037e4                sAPI_SetWtdTimeOutPeriod
                0x7e9037e8                sAPI_AudioPlayAmrCont
                0x7e9037ec                sAPI_LocGet
                0x7e9037f0                sAPI_MqttConnLostCb
                0x7e9037f4                sAPI_UrcRefRelease
                0x7e9037f8                sAPI_TaskCreate
                0x7e9037fc                sAPI_FlagCreate
                0x7e903800                sAPI_NetworkGetCnmp
                0x7e903804                sAPI_ftell
                0x7e903808                sAPI_SPINAND_Write
                0x7e90380c                sAPI_16BitRegAddr_I2CWrite
                0x7e903810                sAPI_FlagWait
                0x7e903814                sAPI_StopShowLCD
                0x7e903818                sAPI_UartWrite
                0x7e90381c                sAPI_fsync
                0x7e903820                sAPI_HttpAction
                0x7e903824                sAPI_TcpipSetsockopt
                0x7e903828                sAPI_AppPackageClose
                0x7e90382c                sAPI_NoRegAddr_I2CRead
                0x7e903830                sAPI_UartRegisterCallbackEX
                0x7e903834                sAPI_MqttSubTopic
                0x7e903838                sAPI_AudioWavFileRecord
                0x7e90383c                sAPI_RestoreInterrupts
                0x7e903840                sAPI_SystemSleepSet
                0x7e903844                sAPI_SimcardPinGet
                0x7e903848                sAPI_MqttPub
                0x7e90384c                sAPI_FtpsGetTransferType
                0x7e903850                sAPI_LcdSetBrightness
                0x7e903854                sAPI_LcdDisplayOn
                0x7e903858                sAPI_DelayUs
                0x7e90385c                sAPI_AudioPcmPlay
                0x7e903860                sAPI_GpioConfigInterrupt
                0x7e903864                sAPI_GetCusdataPartitionSize
                0x7e903868                sAPI_TcpipInetPton
                0x7e90386c                sAPI_SystemSleepExGet
                0x7e903870                sAPI_AmrStreamRecord
                0x7e903874                sAPI_CamClose
                0x7e903878                sAPI_SysGetDualSimType
                0x7e90387c                sAPI_MsgQSendSuspend
                0x7e903880                sAPI_TcpipGetsockname
                0x7e903884                sAPI_HtpUpdate
                0x7e903888                sAPI_TcpipIoctlsocket
                0x7e90388c                sAPI_EchoSuppression_PARA
                0x7e903890                sAPI_SysSetDualSimType
                0x7e903894                sAPI_AudioAmrStreamStop
                0x7e903898                sAPI_LocServerSet
                0x7e90389c                sAPI_RsaEncrypt
                0x7e9038a0                OsaMemFree
                0x7e9038a4                sAPI_SetVddAux
                0x7e9038a8                sAPI_NetworkSetCgauth
                0x7e9038ac                sAPI_UrcRefRegister
                0x7e9038b0                sAPI_PWMConfig
                0x7e9038b4                sAPI_LocTypeSet
                0x7e9038b8                sAPI_FotaServiceBegin
                0x7e9038bc                sAPI_SyncExtFsFreeSize
                0x7e9038c0                sAPI_readdir
                0x7e9038c4                sAPI_FtpsCreateDirectory
                0x7e9038c8                sAPI_FtpsTransferType
                0x7e9038cc                sAPI_AmrDecodeExit
                0x7e9038d0                sAPI_Get_EchoSuppression_PARA
                0x7e9038d4                sAPI_GetAppPartitionSize
                0x7e9038d8                sAPI_GetTaskStackInfo
                0x7e9038dc                sAPI_fread
                0x7e9038e0                sAPI_SslSend
                0x7e9038e4                sAPI_MutexUnLock
                0x7e9038e8                sAPI_SslHandShake
                0x7e9038ec                sAPI_RtcGetAlarm
                0x7e9038f0                sAPI_NetworkGetExtCsq
                0x7e9038f4                sAPI_MqttSub
                0x7e9038f8                sAPI_NetworkSetCGAUTH
                0x7e9038fc                sAPI_16BitRegAddr_I2CRead
                0x7e903900                sAPI_JDConfig
                0x7e903904                sAPI_FtpsUploadFile
                0x7e903908                sAPI_NetworkGetCfun
                0x7e90390c                sAPI_NetworkGetCgact
                0x7e903910                sAPI_SPIConfigInit
                0x7e903914                sAPI_MsgQPoll
                0x7e903918                sAPI_GetTicks
                0x7e90391c                sAPI_TcpipRecvfrom
                0x7e903920                sAPI_LcdClose
                0x7e903924                sAPI_FotaImageWrite
                0x7e903928                sAPI_PinmuxFunc
                0x7e90392c                sAPI_SysGetImei
                0x7e903930                sAPI_SendATCMDWaitResp
                0x7e903934                sAPI_GetSocTemprature
                0x7e903938                sAPI_LcdDisplayOff
                0x7e90393c                sAPI_TcpipInet_ntop
                0x7e903940                sAPI_GpioSetValue
                0x7e903944                sAPI_SocketConfigGet
                0x7e903948                sAPI_SysGetCusVersion
                0x7e90394c                sAPI_UsbVcomRead
                0x7e903950                sAPI_GetPowerUpEvent
                0x7e903954                sAPI_SmsDelAllMsg
                0x7e903958                sAPI_UartRxStatus
                0x7e90395c                sAPI_MqttCfg
                0x7e903960                sAPI_CamPinConfig
                0x7e903964                sAPI_AudioSetPaCtrlConfig
                0x7e903968                sAPI_AmrDecode

.bss.buffer     0x7e90396c        0x6
 .bss.buffer    0x7e90396c        0x6 build/packag-user_source_main//user_source_main.lib(main.o)
                0x7e90396c                buffer

.bss.sAPI_LocWifiScanStart_p
                0x7e903974        0x4
 .bss.sAPI_LocWifiScanStart_p
                0x7e903974        0x4 simcom_lib/libs/simcom_lib.lib(simcom_api.o)

.bss.sAPI_WifiScanStart_p
                0x7e903978        0x4
 .bss.sAPI_WifiScanStart_p
                0x7e903978        0x4 simcom_lib/libs/simcom_lib.lib(simcom_api.o)

.bss.sAPI_WifiScanStop_p
                0x7e90397c        0x4
 .bss.sAPI_WifiScanStop_p
                0x7e90397c        0x4 simcom_lib/libs/simcom_lib.lib(simcom_api.o)

.bss.sAPI_WifiSetHandler_p
                0x7e903980        0x4
 .bss.sAPI_WifiSetHandler_p
                0x7e903980        0x4 simcom_lib/libs/simcom_lib.lib(simcom_api.o)

.bss.sAPI_WifiSetScanParam_p
                0x7e903984        0x4
 .bss.sAPI_WifiSetScanParam_p
                0x7e903984        0x4 simcom_lib/libs/simcom_lib.lib(simcom_api.o)

.bss.APPTask    0x7e903988        0x4
 .bss.APPTask   0x7e903988        0x4 user_source/libs/user_source.lib(app.o)

.bss.APPTaskStack
                0x7e90398c     0xe000
 .bss.APPTaskStack
                0x7e90398c     0xe000 user_source/libs/user_source.lib(app.o)

.bss.log_buffer
                0x7e91198c      0x800
 .bss.log_buffer
                0x7e91198c      0x800 user_source/libs/user_source.lib(systemLog.o)

.bss.log_mutex  0x7e91218c        0x4
 .bss.log_mutex
                0x7e91218c        0x4 user_source/libs/user_source.lib(systemLog.o)

.bss.Serial     0x7e912190       0x10
 .bss.Serial    0x7e912190       0x10 user_source/libs/user_source.lib(HardwareSerial.o)
                0x7e912190                Serial

.bss.Serial1    0x7e9121a0       0x10
 .bss.Serial1   0x7e9121a0       0x10 user_source/libs/user_source.lib(HardwareSerial.o)
                0x7e9121a0                Serial1

.bss.Wire       0x7e9121b0        0x3
 .bss.Wire      0x7e9121b0        0x3 user_source/libs/user_source.lib(Wire.o)
                0x7e9121b0                Wire

.bss.SPI        0x7e9121b4       0x24
 .bss.SPI       0x7e9121b4       0x24 user_source/libs/user_source.lib(SPI.o)
                0x7e9121b4                SPI

.bss.Network    0x7e9121d8       0x10
 .bss.Network   0x7e9121d8       0x10 user_source/libs/user_source.lib(Network.o)
                0x7e9121d8                Network

.bss.Mqttclient
                0x7e9121e8       0x3c
 .bss.Mqttclient
                0x7e9121e8       0x3c user_source/libs/user_source.lib(Mqttclient.o)
                0x7e9121e8                Mqttclient

.preinit_array  0x7e912224        0x0
                0x7e912224                PROVIDE (__preinit_array_start = .)
 *(.preinit_array*)
                0x7e912224                PROVIDE (__preinit_array_end = .)

.init_array     0x7e912224       0x14
                0x7e912224                PROVIDE (__init_array_start = .)
 *(SORT_BY_NAME(.init_array.*))
 *(.init_array*)
 .init_array    0x7e912224        0x4 user_source/libs/user_source.lib(HardwareSerial.o)
 .init_array    0x7e912228        0x4 user_source/libs/user_source.lib(Wire.o)
 .init_array    0x7e91222c        0x4 user_source/libs/user_source.lib(SPI.o)
 .init_array    0x7e912230        0x4 user_source/libs/user_source.lib(Network.o)
 .init_array    0x7e912234        0x4 user_source/libs/user_source.lib(Mqttclient.o)
                0x7e912238                PROVIDE (__init_array_end = .)

.fini_array     0x7e912238        0x0
                [!provide]                PROVIDE (__fini_array_start = .)
 *(SORT_BY_NAME(.fini_array.*))
 *(.fini_array*)
                [!provide]                PROVIDE (__fini_array_end = .)
                0x7e980000                end = 0x7e980000
LOAD build/packag-user_source/user_source.lib
LOAD build/packag-user_source_main//user_source_main.lib
LOAD simcom_lib/libs/simcom_lib.lib
LOAD user_source/libs/user_source.lib
LOAD D:\Simcom2\Air_Logger_SIMcom\Air_Logger_Arduino\sc_app\..\sc_tool\cross_tool\gcc-arm-none-eabi\arm-none-eabi\lib\thumb\v7-ar\libm.a
LOAD D:\Simcom2\Air_Logger_SIMcom\Air_Logger_Arduino\sc_app\..\sc_tool\cross_tool\gcc-arm-none-eabi\arm-none-eabi\lib\thumb\v7-ar\libc.a
LOAD D:\Simcom2\Air_Logger_SIMcom\Air_Logger_Arduino\sc_app\..\sc_tool\cross_tool\gcc-arm-none-eabi\arm-none-eabi\lib\thumb\v7-ar\libnosys.a
LOAD D:\Simcom2\Air_Logger_SIMcom\Air_Logger_Arduino\sc_app\..\sc_tool\cross_tool\gcc-arm-none-eabi\lib\gcc\arm-none-eabi\7.3.1\thumb\v7-ar\libgcc.a
OUTPUT(build/customer_app.elf elf32-littlearm)

.debug_info     0x00000000    0x21e58
 .debug_info    0x00000000     0x28c4 build/packag-user_source_main//user_source_main.lib(main.o)
 .debug_info    0x000028c4     0xb0af simcom_lib/libs/simcom_lib.lib(simcom_api.o)
 .debug_info    0x0000d973     0x1646 user_source/libs/user_source.lib(app.o)
 .debug_info    0x0000efb9     0x16ff user_source/libs/user_source.lib(systemLog.o)
 .debug_info    0x000106b8     0x1a6b user_source/libs/user_source.lib(wiring_digital.o)
 .debug_info    0x00012123     0x14e9 user_source/libs/user_source.lib(delay.o)
 .debug_info    0x0001360c     0x1518 user_source/libs/user_source.lib(variant.o)
 .debug_info    0x00014b24     0x2a5e user_source/libs/user_source.lib(HardwareSerial.o)
 .debug_info    0x00017582     0x2711 user_source/libs/user_source.lib(Wire.o)
 .debug_info    0x00019c93     0x27df user_source/libs/user_source.lib(SPI.o)
 .debug_info    0x0001c472     0x276e user_source/libs/user_source.lib(Network.o)
 .debug_info    0x0001ebe0     0x3278 user_source/libs/user_source.lib(Mqttclient.o)

.debug_abbrev   0x00000000     0x2ec3
 .debug_abbrev  0x00000000      0x3ef build/packag-user_source_main//user_source_main.lib(main.o)
 .debug_abbrev  0x000003ef      0x3a9 simcom_lib/libs/simcom_lib.lib(simcom_api.o)
 .debug_abbrev  0x00000798      0x2d6 user_source/libs/user_source.lib(app.o)
 .debug_abbrev  0x00000a6e      0x2a6 user_source/libs/user_source.lib(systemLog.o)
 .debug_abbrev  0x00000d14      0x2b4 user_source/libs/user_source.lib(wiring_digital.o)
 .debug_abbrev  0x00000fc8      0x223 user_source/libs/user_source.lib(delay.o)
 .debug_abbrev  0x000011eb      0x1cd user_source/libs/user_source.lib(variant.o)
 .debug_abbrev  0x000013b8      0x626 user_source/libs/user_source.lib(HardwareSerial.o)
 .debug_abbrev  0x000019de      0x4fe user_source/libs/user_source.lib(Wire.o)
 .debug_abbrev  0x00001edc      0x59f user_source/libs/user_source.lib(SPI.o)
 .debug_abbrev  0x0000247b      0x44f user_source/libs/user_source.lib(Network.o)
 .debug_abbrev  0x000028ca      0x5f9 user_source/libs/user_source.lib(Mqttclient.o)

.debug_loc      0x00000000     0x1d59
 .debug_loc     0x00000000       0x84 build/packag-user_source_main//user_source_main.lib(main.o)
 .debug_loc     0x00000084      0x36a simcom_lib/libs/simcom_lib.lib(simcom_api.o)
 .debug_loc     0x000003ee       0x6e user_source/libs/user_source.lib(app.o)
 .debug_loc     0x0000045c       0xb3 user_source/libs/user_source.lib(systemLog.o)
 .debug_loc     0x0000050f      0x254 user_source/libs/user_source.lib(wiring_digital.o)
 .debug_loc     0x00000763       0x3a user_source/libs/user_source.lib(delay.o)
 .debug_loc     0x0000079d      0x4bb user_source/libs/user_source.lib(HardwareSerial.o)
 .debug_loc     0x00000c58      0x5bd user_source/libs/user_source.lib(Wire.o)
 .debug_loc     0x00001215      0x49a user_source/libs/user_source.lib(SPI.o)
 .debug_loc     0x000016af      0x13f user_source/libs/user_source.lib(Network.o)
 .debug_loc     0x000017ee      0x56b user_source/libs/user_source.lib(Mqttclient.o)

.debug_aranges  0x00000000      0x3f8
 .debug_aranges
                0x00000000       0x30 build/packag-user_source_main//user_source_main.lib(main.o)
 .debug_aranges
                0x00000030       0x88 simcom_lib/libs/simcom_lib.lib(simcom_api.o)
 .debug_aranges
                0x000000b8       0x38 user_source/libs/user_source.lib(app.o)
 .debug_aranges
                0x000000f0       0x28 user_source/libs/user_source.lib(systemLog.o)
 .debug_aranges
                0x00000118       0x40 user_source/libs/user_source.lib(wiring_digital.o)
 .debug_aranges
                0x00000158       0x20 user_source/libs/user_source.lib(delay.o)
 .debug_aranges
                0x00000178       0x18 user_source/libs/user_source.lib(variant.o)
 .debug_aranges
                0x00000190       0x88 user_source/libs/user_source.lib(HardwareSerial.o)
 .debug_aranges
                0x00000218       0x80 user_source/libs/user_source.lib(Wire.o)
 .debug_aranges
                0x00000298       0x68 user_source/libs/user_source.lib(SPI.o)
 .debug_aranges
                0x00000300       0x50 user_source/libs/user_source.lib(Network.o)
 .debug_aranges
                0x00000350       0xa8 user_source/libs/user_source.lib(Mqttclient.o)

.debug_ranges   0x00000000      0x3d0
 .debug_ranges  0x00000000       0x20 build/packag-user_source_main//user_source_main.lib(main.o)
 .debug_ranges  0x00000020       0x98 simcom_lib/libs/simcom_lib.lib(simcom_api.o)
 .debug_ranges  0x000000b8       0x40 user_source/libs/user_source.lib(app.o)
 .debug_ranges  0x000000f8       0x18 user_source/libs/user_source.lib(systemLog.o)
 .debug_ranges  0x00000110       0x30 user_source/libs/user_source.lib(wiring_digital.o)
 .debug_ranges  0x00000140       0x10 user_source/libs/user_source.lib(delay.o)
 .debug_ranges  0x00000150       0xa8 user_source/libs/user_source.lib(HardwareSerial.o)
 .debug_ranges  0x000001f8       0x70 user_source/libs/user_source.lib(Wire.o)
 .debug_ranges  0x00000268       0x78 user_source/libs/user_source.lib(SPI.o)
 .debug_ranges  0x000002e0       0x40 user_source/libs/user_source.lib(Network.o)
 .debug_ranges  0x00000320       0xb0 user_source/libs/user_source.lib(Mqttclient.o)

.debug_line     0x00000000     0x42dd
 .debug_line    0x00000000      0x511 build/packag-user_source_main//user_source_main.lib(main.o)
 .debug_line    0x00000511      0x84b simcom_lib/libs/simcom_lib.lib(simcom_api.o)
 .debug_line    0x00000d5c      0x3d9 user_source/libs/user_source.lib(app.o)
 .debug_line    0x00001135      0x27f user_source/libs/user_source.lib(systemLog.o)
 .debug_line    0x000013b4      0x43d user_source/libs/user_source.lib(wiring_digital.o)
 .debug_line    0x000017f1      0x39a user_source/libs/user_source.lib(delay.o)
 .debug_line    0x00001b8b      0x383 user_source/libs/user_source.lib(variant.o)
 .debug_line    0x00001f0e      0x760 user_source/libs/user_source.lib(HardwareSerial.o)
 .debug_line    0x0000266e      0x712 user_source/libs/user_source.lib(Wire.o)
 .debug_line    0x00002d80      0x6e0 user_source/libs/user_source.lib(SPI.o)
 .debug_line    0x00003460      0x671 user_source/libs/user_source.lib(Network.o)
 .debug_line    0x00003ad1      0x80c user_source/libs/user_source.lib(Mqttclient.o)

.debug_str      0x00000000     0xa40b
 .debug_str     0x00000000     0x1959 build/packag-user_source_main//user_source_main.lib(main.o)
                               0x1ed5 (size before relaxing)
 .debug_str     0x00001959     0x8154 simcom_lib/libs/simcom_lib.lib(simcom_api.o)
                               0xb39f (size before relaxing)
 .debug_str     0x00009aad      0x10d user_source/libs/user_source.lib(app.o)
                               0x123d (size before relaxing)
 .debug_str     0x00009bba       0x40 user_source/libs/user_source.lib(systemLog.o)
                               0x1354 (size before relaxing)
 .debug_str     0x00009bfa       0x88 user_source/libs/user_source.lib(wiring_digital.o)
                               0x17e3 (size before relaxing)
 .debug_str     0x00009c82       0x11 user_source/libs/user_source.lib(delay.o)
                               0x11aa (size before relaxing)
 .debug_str     0x00009c93        0xe user_source/libs/user_source.lib(variant.o)
                               0x11d0 (size before relaxing)
 .debug_str     0x00009ca1      0x258 user_source/libs/user_source.lib(HardwareSerial.o)
                               0x1d53 (size before relaxing)
 .debug_str     0x00009ef9       0xec user_source/libs/user_source.lib(Wire.o)
                               0x1a89 (size before relaxing)
 .debug_str     0x00009fe5       0x78 user_source/libs/user_source.lib(SPI.o)
                               0x1922 (size before relaxing)
 .debug_str     0x0000a05d       0xbd user_source/libs/user_source.lib(Network.o)
                               0x1c8c (size before relaxing)
 .debug_str     0x0000a11a      0x2f1 user_source/libs/user_source.lib(Mqttclient.o)
                               0x21e0 (size before relaxing)

.comment        0x00000000       0x7f
 .comment       0x00000000       0x7f build/packag-user_source_main//user_source_main.lib(main.o)
                                 0x80 (size before relaxing)
 .comment       0x0000007f       0x80 simcom_lib/libs/simcom_lib.lib(simcom_api.o)
 .comment       0x0000007f       0x80 user_source/libs/user_source.lib(app.o)
 .comment       0x0000007f       0x80 user_source/libs/user_source.lib(systemLog.o)
 .comment       0x0000007f       0x80 user_source/libs/user_source.lib(wiring_digital.o)
 .comment       0x0000007f       0x80 user_source/libs/user_source.lib(delay.o)
 .comment       0x0000007f       0x80 user_source/libs/user_source.lib(variant.o)
 .comment       0x0000007f       0x80 user_source/libs/user_source.lib(HardwareSerial.o)
 .comment       0x0000007f       0x80 user_source/libs/user_source.lib(Wire.o)
 .comment       0x0000007f       0x80 user_source/libs/user_source.lib(SPI.o)
 .comment       0x0000007f       0x80 user_source/libs/user_source.lib(Network.o)
 .comment       0x0000007f       0x80 user_source/libs/user_source.lib(Mqttclient.o)

.ARM.attributes
                0x00000000       0x33
 .ARM.attributes
                0x00000000       0x35 build/packag-user_source_main//user_source_main.lib(main.o)
 .ARM.attributes
                0x00000035       0x35 simcom_lib/libs/simcom_lib.lib(simcom_api.o)
 .ARM.attributes
                0x0000006a       0x35 user_source/libs/user_source.lib(app.o)
 .ARM.attributes
                0x0000009f       0x35 user_source/libs/user_source.lib(systemLog.o)
 .ARM.attributes
                0x000000d4       0x35 user_source/libs/user_source.lib(wiring_digital.o)
 .ARM.attributes
                0x00000109       0x35 user_source/libs/user_source.lib(delay.o)
 .ARM.attributes
                0x0000013e       0x35 user_source/libs/user_source.lib(variant.o)
 .ARM.attributes
                0x00000173       0x35 user_source/libs/user_source.lib(HardwareSerial.o)
 .ARM.attributes
                0x000001a8       0x35 user_source/libs/user_source.lib(Wire.o)
 .ARM.attributes
                0x000001dd       0x35 user_source/libs/user_source.lib(SPI.o)
 .ARM.attributes
                0x00000212       0x35 user_source/libs/user_source.lib(Network.o)
 .ARM.attributes
                0x00000247       0x35 user_source/libs/user_source.lib(Mqttclient.o)
 .ARM.attributes
                0x0000027c       0x29 D:\Simcom2\Air_Logger_SIMcom\Air_Logger_Arduino\sc_app\..\sc_tool\cross_tool\gcc-arm-none-eabi\arm-none-eabi\lib\thumb\v7-ar\libc.a(lib_a-init.o)
 .ARM.attributes
                0x000002a5       0x29 D:\Simcom2\Air_Logger_SIMcom\Air_Logger_Arduino\sc_app\..\sc_tool\cross_tool\gcc-arm-none-eabi\arm-none-eabi\lib\thumb\v7-ar\libc.a(lib_a-memset.o)

.debug_frame    0x00000000      0xa84
 .debug_frame   0x00000000       0x80 build/packag-user_source_main//user_source_main.lib(main.o)
 .debug_frame   0x00000080      0x108 simcom_lib/libs/simcom_lib.lib(simcom_api.o)
 .debug_frame   0x00000188       0x74 user_source/libs/user_source.lib(app.o)
 .debug_frame   0x000001fc       0x60 user_source/libs/user_source.lib(systemLog.o)
 .debug_frame   0x0000025c       0x9c user_source/libs/user_source.lib(wiring_digital.o)
 .debug_frame   0x000002f8       0x38 user_source/libs/user_source.lib(delay.o)
 .debug_frame   0x00000330      0x194 user_source/libs/user_source.lib(HardwareSerial.o)
 .debug_frame   0x000004c4      0x16c user_source/libs/user_source.lib(Wire.o)
 .debug_frame   0x00000630      0x170 user_source/libs/user_source.lib(SPI.o)
 .debug_frame   0x000007a0       0xb4 user_source/libs/user_source.lib(Network.o)
 .debug_frame   0x00000854      0x1cc user_source/libs/user_source.lib(Mqttclient.o)
 .debug_frame   0x00000a20       0x2c D:\Simcom2\Air_Logger_SIMcom\Air_Logger_Arduino\sc_app\..\sc_tool\cross_tool\gcc-arm-none-eabi\arm-none-eabi\lib\thumb\v7-ar\libc.a(lib_a-init.o)
 .debug_frame   0x00000a4c       0x38 D:\Simcom2\Air_Logger_SIMcom\Air_Logger_Arduino\sc_app\..\sc_tool\cross_tool\gcc-arm-none-eabi\arm-none-eabi\lib\thumb\v7-ar\libc.a(lib_a-memset.o)
